PS C:\Users\ryooo\OneDrive\デスクトップ\git_challenge> git init
Initialized empty Git repository in C:/Users/ryooo/OneDrive/デスクトップ/git_challenge/.git/
PS C:\Users\ryooo\OneDrive\デスクトップ\git_challenge> git add .   
PS C:\Users\ryooo\OneDrive\デスクトップ\git_challenge> git commit -m "hello_world.txtを追加" 
[main (root-commit) 11b012f] hello_world.txtを追加
 1 file changed, 1 insertion(+)
 create mode 100644 hello_world.txt
PS C:\Users\ryooo\OneDrive\デスクトップ\git_challenge> git add .
PS C:\Users\ryooo\OneDrive\デスクトップ\git_challenge> git commit -m "日本語訳を追記"
[main c7c9935] 日本語訳を追記
 1 file changed, 1 insertion(+)
PS C:\Users\ryooo\OneDrive\デスクトップ\git_challenge> git log --oneline
c7c9935 (HEAD -> main) 日本語訳を追記
11b012f hello_world.txtを追加
PS C:\Users\ryooo\OneDrive\デスクトップ\git_challenge> 
